// Jest Snapshot v1, https://goo.gl/fbAQLP

exports[`Icons|Alert Add 1`] = `
<div
  className="container comfortable"
>
  <div
    className="container comfortable"
  >
    <svg
      height={24}
      style={
        Object {
          "color": "#000",
        }
      }
      viewBox="0 0 24 24"
      width={24}
    >
      <path
        clipRule="evenodd"
        d="M19.0013 16.75V10.75C19.0013 7.4 16.6413 4.6 13.5013 3.92V2.75C13.5013 1.92 12.8313 1.25 12.0013 1.25C11.1713 1.25 10.5013 1.92 10.5013 2.75V3.92C7.36127 4.6 5.00127 7.4 5.00127 10.75V16.75L3.71127 18.04C3.08127 18.67 3.52127 19.75 4.41127 19.75H19.5813C20.4713 19.75 20.9213 18.67 20.2913 18.04L19.0013 16.75ZM12.0013 22.75C13.1013 22.75 13.9913 21.86 13.9913 20.76H10.0113C10.0113 21.86 10.9013 22.75 12.0013 22.75ZM13.0013 12.76H15.0013C15.5513 12.76 16.0013 12.31 16.0013 11.76V11.75C16.0013 11.2 15.5513 10.75 15.0013 10.75H13.0013V8.75C13.0013 8.2 12.5513 7.75 12.0013 7.75C11.4513 7.75 11.0013 8.2 11.0013 8.75V10.75H9.00127C8.45127 10.75 8.00127 11.2 8.00127 11.75V11.76C8.00127 12.31 8.45127 12.76 9.00127 12.76H11.0013V14.76C11.0013 15.31 11.4513 15.76 12.0013 15.76C12.5513 15.76 13.0013 15.31 13.0013 14.76V12.76Z"
        fill="currentColor"
        fillRule="evenodd"
      />
    </svg>
  </div>
  <div
    className="overlay"
  />
  <div
    className="snacks"
  />
  <div
    className="dialog"
  />
</div>
`;

exports[`Icons|Alert Error 1`] = `
<div
  className="container comfortable"
>
  <div
    className="container comfortable"
  >
    <svg
      height={24}
      onClick={[Function]}
      style={
        Object {
          "color": "#000",
        }
      }
      viewBox="0 0 24 24"
      width={24}
    >
      <path
        clipRule="evenodd"
        d="M12 2C6.48 2 2 6.48 2 12C2 17.52 6.48 22 12 22C17.52 22 22 17.52 22 12C22 6.48 17.52 2 12 2ZM12 13C11.45 13 11 12.55 11 12V8C11 7.45 11.45 7 12 7C12.55 7 13 7.45 13 8V12C13 12.55 12.55 13 12 13ZM11 15V17H13V15H11Z"
        fill="currentColor"
        fillRule="evenodd"
      />
    </svg>
  </div>
  <div
    className="overlay"
  />
  <div
    className="snacks"
  />
  <div
    className="dialog"
  />
</div>
`;

exports[`Icons|Alert Notification 1`] = `
<div
  className="container comfortable"
>
  <div
    className="container comfortable"
  >
    <svg
      height={24}
      onClick={[Function]}
      style={
        Object {
          "color": "#000",
        }
      }
      viewBox="0 0 24 24"
      width={24}
    >
      <path
        clipRule="evenodd"
        d="M19.0002 16.75L20.2902 18.04C20.9202 18.67 20.4802 19.75 19.5802 19.75H4.41017C3.52017 19.75 3.08017 18.67 3.71017 18.04L5.00017 16.75V10.75C5.00017 7.4 7.36017 4.6 10.5002 3.92V2.75C10.5002 1.92 11.1702 1.25 12.0002 1.25C12.8302 1.25 13.5002 1.92 13.5002 2.75V3.92C16.6402 4.6 19.0002 7.4 19.0002 10.75V16.75ZM13.9902 20.76C13.9902 21.86 13.1002 22.75 12.0002 22.75C10.9002 22.75 10.0102 21.86 10.0102 20.76H13.9902ZM11.0002 15.75V13.75H13.0002V15.75H11.0002ZM12.0002 11.75C12.5502 11.75 13.0002 11.3 13.0002 10.75V8.75C13.0002 8.2 12.5502 7.75 12.0002 7.75C11.4502 7.75 11.0002 8.2 11.0002 8.75V10.75C11.0002 11.3 11.4502 11.75 12.0002 11.75Z"
        fill="currentColor"
        fillRule="evenodd"
      />
    </svg>
  </div>
  <div
    className="overlay"
  />
  <div
    className="snacks"
  />
  <div
    className="dialog"
  />
</div>
`;

exports[`Icons|Alert Warning 1`] = `
<div
  className="container comfortable"
>
  <div
    className="container comfortable"
  >
    <svg
      height={24}
      onClick={[Function]}
      style={
        Object {
          "color": "#000",
        }
      }
      viewBox="0 0 24 24"
      width={24}
    >
      <path
        clipRule="evenodd"
        d="M19.53 20.5038C21.07 20.5038 22.03 18.8338 21.26 17.5038L13.73 4.49378C12.96 3.16378 11.04 3.16378 10.27 4.49378L2.74 17.5038C1.97 18.8338 2.93 20.5038 4.47 20.5038H19.53ZM12 13.5038C11.45 13.5038 11 13.0538 11 12.5038V10.5038C11 9.95378 11.45 9.50378 12 9.50378C12.55 9.50378 13 9.95378 13 10.5038V12.5038C13 13.0538 12.55 13.5038 12 13.5038ZM11 15.5038V17.5038H13V15.5038H11Z"
        fill="currentColor"
        fillRule="evenodd"
      />
    </svg>
  </div>
  <div
    className="overlay"
  />
  <div
    className="snacks"
  />
  <div
    className="dialog"
  />
</div>
`;
