// Jest Snapshot v1, https://goo.gl/fbAQLP

exports[`Icons|Notification Notifications 1`] = `
<div
  className="container comfortable"
>
  <div
    className="container comfortable"
  >
    <svg
      height={24}
      onClick={[Function]}
      style={
        Object {
          "color": "#000",
        }
      }
      viewBox="0 0 24 24"
      width={24}
    >
      <path
        clipRule="evenodd"
        d="M18 15.75v-5c0-3.07-1.63-5.64-4.5-6.32v-.68c0-.83-.67-1.5-1.5-1.5s-1.5.67-1.5 1.5v.68C7.64 5.11 6 7.67 6 10.75v5l-2 2v1h16v-1l-2-2zm-6 6c1.1 0 2-.9 2-2h-4c0 1.1.9 2 2 2zm-4-5h8v-6c0-2.48-1.51-4.5-4-4.5s-4 2.02-4 4.5v6z"
        fill="currentColor"
        fillRule="evenodd"
      />
    </svg>
  </div>
  <div
    className="overlay"
  />
  <div
    className="snacks"
  />
  <div
    className="dialog"
  />
</div>
`;

exports[`Icons|Notification Sync 1`] = `
<div
  className="container comfortable"
>
  <div
    className="container comfortable"
  >
    <svg
      height={24}
      onClick={[Function]}
      style={
        Object {
          "color": "#000",
        }
      }
      viewBox="0 0 24 24"
      width={24}
    >
      <path
        clipRule="evenodd"
        d="M12 2.21V4C16.42 4 20 7.58 20 12C20 13.04 19.8 14.04 19.43 14.95C19.16 15.62 18.3 15.8 17.79 15.29C17.52 15.02 17.41 14.61 17.56 14.25C17.85 13.56 18 12.79 18 12C18 8.69 15.31 6 12 6V7.79C12 8.24 11.46 8.46 11.14 8.15L8.35 5.36C8.15 5.16 8.15 4.85 8.35 4.65L11.15 1.86C11.46 1.54 12 1.76 12 2.21ZM6 12C6 15.31 8.69 18 12 18V16.21C12 15.76 12.54 15.54 12.85 15.85L15.64 18.64C15.84 18.84 15.84 19.15 15.64 19.35L12.85 22.14C12.54 22.46 12 22.24 12 21.79V20C7.58 20 4 16.42 4 12C4 10.96 4.2 9.96 4.57 9.05C4.84 8.38 5.7 8.2 6.21 8.71C6.48 8.98 6.59 9.39 6.44 9.75C6.15 10.44 6 11.21 6 12Z"
        fill="currentColor"
        fillRule="evenodd"
      />
    </svg>
  </div>
  <div
    className="overlay"
  />
  <div
    className="snacks"
  />
  <div
    className="dialog"
  />
</div>
`;

exports[`Icons|Notification SyncDisabled 1`] = `
<div
  className="container comfortable"
>
  <div
    className="container comfortable"
  >
    <svg
      height={24}
      onClick={[Function]}
      style={
        Object {
          "color": "#000",
        }
      }
      viewBox="0 0 24 24"
      width={24}
    >
      <path
        clipRule="evenodd"
        d="M17.3613 8.53375C17.3613 6.32375 16.4513 4.33375 15.0013 2.89375L16.5113 1.38375C16.8213 1.07375 16.6013 0.533752 16.1513 0.533752H11.3613V5.32375C11.3613 5.77375 11.9013 5.99375 12.2113 5.67375L13.6013 4.28375C14.6813 5.38375 15.3613 6.87375 15.3613 8.53375C15.3613 9.38375 15.1813 10.1938 14.8613 10.9238L16.3413 12.4038C16.9813 11.2538 17.3613 9.94375 17.3613 8.53375ZM7.36129 2.27375V2.08375C7.36129 1.40375 6.65129 0.973752 6.04129 1.26375C5.91463 1.32375 5.79685 1.39264 5.67907 1.46153C5.62018 1.49598 5.56129 1.53042 5.50129 1.56375L6.96129 3.02375C7.20129 2.84375 7.36129 2.57375 7.36129 2.27375ZM0.931294 2.64375C0.541294 2.25375 0.541294 1.62375 0.931294 1.23375C1.11813 1.0465 1.37178 0.941267 1.63629 0.941267C1.90081 0.941267 2.15446 1.0465 2.34129 1.23375L16.8613 15.7638C17.2513 16.1538 17.2513 16.7838 16.8613 17.1738C16.4713 17.5638 15.8413 17.5638 15.4513 17.1738L13.5813 15.3038C13.2913 15.4838 12.9913 15.6538 12.6813 15.7938C12.0713 16.0838 11.3613 15.6538 11.3613 14.9738V14.7938C11.3613 14.3638 11.6813 14.0038 12.1113 13.8838C12.1113 13.8743 12.1113 13.8693 12.1124 13.8645C12.1135 13.8593 12.116 13.8543 12.1213 13.8438L4.05129 5.77375C3.62129 6.60375 3.36129 7.53375 3.36129 8.53375C3.36129 10.1938 4.04129 11.6838 5.12129 12.7838L6.51129 11.3938C6.82129 11.0738 7.36129 11.2938 7.36129 11.7438V16.0338C7.36129 16.3138 7.14129 16.5338 6.86129 16.5338H2.57129C2.12129 16.5338 1.90129 15.9938 2.21129 15.6838L3.72129 14.1738C2.27129 12.7338 1.36129 10.7438 1.36129 8.53375C1.36129 6.97375 1.81129 5.53375 2.58129 4.29375L0.931294 2.64375Z"
        fill="currentColor"
        fillRule="evenodd"
      />
    </svg>
  </div>
  <div
    className="overlay"
  />
  <div
    className="snacks"
  />
  <div
    className="dialog"
  />
</div>
`;
