// Jest Snapshot v1, https://goo.gl/fbAQLP

exports[`General|Date picker Default 1`] = `
<div
  className="container comfortable"
>
  <div
    className="container comfortable"
  >
    <div
      style={
        Object {
          "width": 200,
        }
      }
    >
      <div>
        <div
          className="inputContainer"
        >
          <div
            className="inputContent"
            onClick={[Function]}
          >
            <div
              className="inputTextContent"
            >
              <label>
                Select date
              </label>
              <input
                disabled={false}
                onBlur={[Function]}
                onChange={[Function]}
                onFocus={[Function]}
                onKeyUp={[Function]}
                placeholder=""
                value=""
              />
            </div>
            <div
              className="icon"
              onClick={[Function]}
            >
              <svg
                height={24}
                style={
                  Object {
                    "color": "",
                  }
                }
                viewBox="0 0 24 24"
                width={24}
              >
                <path
                  clipRule="evenodd"
                  d="M19 4H18V3C18 2.45 17.55 2 17 2C16.45 2 16 2.45 16 3V4H8V3C8 2.45 7.55 2 7 2C6.45 2 6 2.45 6 3V4H5C3.89 4 3.01 4.9 3.01 6L3 20C3 21.1 3.89 22 5 22H19C20.1 22 21 21.1 21 20V6C21 4.9 20.1 4 19 4ZM19 19C19 19.55 18.55 20 18 20H6C5.45 20 5 19.55 5 19V9H19V19ZM9 13V11H7V13H9ZM11 11H13V13H11V11ZM17 13V11H15V13H17Z"
                  fill="currentColor"
                  fillRule="evenodd"
                />
              </svg>
            </div>
          </div>
        </div>
      </div>
      <br />
      <div>
        <div
          className="inputContainer"
        >
          <div
            className="inputContent error"
            onClick={[Function]}
          >
            <div
              className="inputTextContent error"
            >
              <label>
                Select date
              </label>
              <input
                disabled={false}
                onBlur={[Function]}
                onChange={[Function]}
                onFocus={[Function]}
                onKeyUp={[Function]}
                placeholder=""
                value=""
              />
            </div>
            <div
              className="icon"
              onClick={[Function]}
            >
              <svg
                height={24}
                style={
                  Object {
                    "color": "var(--color-red)",
                  }
                }
                viewBox="0 0 24 24"
                width={24}
              >
                <path
                  clipRule="evenodd"
                  d="M12 2C6.48 2 2 6.48 2 12C2 17.52 6.48 22 12 22C17.52 22 22 17.52 22 12C22 6.48 17.52 2 12 2ZM12 13C11.45 13 11 12.55 11 12V8C11 7.45 11.45 7 12 7C12.55 7 13 7.45 13 8V12C13 12.55 12.55 13 12 13ZM11 15V17H13V15H11Z"
                  fill="currentColor"
                  fillRule="evenodd"
                />
              </svg>
            </div>
          </div>
          <div
            className="helperText error"
          >
            Select a date in the future
          </div>
        </div>
      </div>
      <br />
      <div>
        <div
          className="inputContainer"
        >
          <div
            className="inputContent disabled"
            onClick={[Function]}
          >
            <div
              className="inputTextContent disabled"
            >
              <label>
                Select date
              </label>
              <input
                disabled={true}
                onBlur={[Function]}
                onChange={[Function]}
                onFocus={[Function]}
                onKeyUp={[Function]}
                placeholder=""
                value=""
              />
            </div>
            <div
              className="icon"
              onClick={[Function]}
            >
              <svg
                height={24}
                style={
                  Object {
                    "color": "",
                  }
                }
                viewBox="0 0 24 24"
                width={24}
              >
                <path
                  clipRule="evenodd"
                  d="M19 4H18V3C18 2.45 17.55 2 17 2C16.45 2 16 2.45 16 3V4H8V3C8 2.45 7.55 2 7 2C6.45 2 6 2.45 6 3V4H5C3.89 4 3.01 4.9 3.01 6L3 20C3 21.1 3.89 22 5 22H19C20.1 22 21 21.1 21 20V6C21 4.9 20.1 4 19 4ZM19 19C19 19.55 18.55 20 18 20H6C5.45 20 5 19.55 5 19V9H19V19ZM9 13V11H7V13H9ZM11 11H13V13H11V11ZM17 13V11H15V13H17Z"
                  fill="currentColor"
                  fillRule="evenodd"
                />
              </svg>
            </div>
          </div>
        </div>
      </div>
    </div>
  </div>
  <div
    className="overlay"
  />
  <div
    className="snacks"
  />
  <div
    className="dialog"
  />
</div>
`;
