// Jest Snapshot v1, https://goo.gl/fbAQLP

exports[`General|Adaptive Card Viewer Default 1`] = `
<div
  className="container comfortable"
>
  <div
    className="container comfortable"
  >
    <div
      style={
        Object {
          "margin": "8px",
        }
      }
    >
      <div />
    </div>
  </div>
  <div
    className="overlay"
  />
  <div
    className="snacks"
  />
  <div
    className="dialog"
  />
</div>
`;
