// Jest Snapshot v1, https://goo.gl/fbAQLP

exports[`General|Icon Button Default 1`] = `
<div
  className="container comfortable"
>
  <div
    className="container comfortable"
  >
    <div
      style={
        Object {
          "padding": 8,
        }
      }
    >
      <button
        className="container comfortable"
        onClick={[Function]}
        onMouseDown={[Function]}
      >
        <span
          className="iconContainer"
        >
          <svg
            height={24}
            style={
              Object {
                "color": "",
              }
            }
            viewBox="0 0 24 24"
            width={24}
          >
            <path
              clipRule="evenodd"
              d="M15.1866 14.4716H15.9766L20.2166 18.7316C20.6266 19.1416 20.6266 19.8116 20.2166 20.2216C19.8066 20.6316 19.1366 20.6316 18.7266 20.2216L14.4766 15.9716V15.1816L14.2066 14.9016C12.8066 16.1016 10.8966 16.7216 8.86658 16.3816C6.08658 15.9116 3.86658 13.5916 3.52658 10.7916C3.00658 6.56156 6.56658 3.00156 10.7966 3.52156C13.5966 3.86156 15.9166 6.08156 16.3866 8.86156C16.7266 10.8916 16.1066 12.8016 14.9066 14.2016L15.1866 14.4716ZM5.47658 9.97156C5.47658 12.4616 7.48658 14.4716 9.97658 14.4716C12.4666 14.4716 14.4766 12.4616 14.4766 9.97156C14.4766 7.48156 12.4666 5.47156 9.97658 5.47156C7.48658 5.47156 5.47658 7.48156 5.47658 9.97156Z"
              fill="currentColor"
              fillRule="evenodd"
            />
          </svg>
        </span>
      </button>
    </div>
  </div>
  <div
    className="overlay"
  />
  <div
    className="snacks"
  />
  <div
    className="dialog"
  />
</div>
`;

exports[`General|Icon Button OpenInNew 1`] = `
<div
  className="container comfortable"
>
  <div
    className="container comfortable"
  >
    <div
      style={
        Object {
          "padding": 8,
        }
      }
    >
      <button
        className="container comfortable"
        onClick={[Function]}
        onMouseDown={[Function]}
      >
        <span
          className="iconContainer"
        >
          <svg
            height={24}
            style={
              Object {
                "color": "",
              }
            }
            viewBox="0 0 24 24"
            width={24}
          >
            <path
              clipRule="evenodd"
              d="M5 18C5 18.55 5.45 19 6 19H18C18.55 19 19 18.55 19 18V13C19 12.45 19.45 12 20 12C20.55 12 21 12.45 21 13V19C21 20.1 20.1 21 19 21H5C3.9 21 3 20.1 3 19V5C3 3.9 3.89 3 5 3H11C11.55 3 12 3.45 12 4C12 4.55 11.55 5 11 5H6C5.45 5 5 5.45 5 6V18ZM15 5C14.45 5 14 4.55 14 4C14 3.45 14.45 3 15 3H20C20.55 3 21 3.45 21 4V9C21 9.55 20.55 10 20 10C19.45 10 19 9.55 19 9V6.41L9.87 15.54C9.48 15.93 8.85 15.93 8.46 15.54C8.07 15.15 8.07 14.52 8.46 14.13L17.59 5H15Z"
              fill="currentColor"
              fillRule="evenodd"
            />
          </svg>
        </span>
      </button>
    </div>
  </div>
  <div
    className="overlay"
  />
  <div
    className="snacks"
  />
  <div
    className="dialog"
  />
</div>
`;

exports[`General|Icon Button Toggler 1`] = `
<div
  className="container comfortable"
>
  <div
    className="container comfortable"
  >
    <div
      style={
        Object {
          "padding": 8,
        }
      }
    >
      <button
        className="container comfortable isToggler"
        onClick={[Function]}
        onMouseDown={[Function]}
      >
        <span
          className="iconContainer"
        >
          <svg
            height={24}
            style={
              Object {
                "color": "",
              }
            }
            viewBox="0 0 24 24"
            width={24}
          >
            <path
              clipRule="evenodd"
              d="M15.1866 14.4716H15.9766L20.2166 18.7316C20.6266 19.1416 20.6266 19.8116 20.2166 20.2216C19.8066 20.6316 19.1366 20.6316 18.7266 20.2216L14.4766 15.9716V15.1816L14.2066 14.9016C12.8066 16.1016 10.8966 16.7216 8.86658 16.3816C6.08658 15.9116 3.86658 13.5916 3.52658 10.7916C3.00658 6.56156 6.56658 3.00156 10.7966 3.52156C13.5966 3.86156 15.9166 6.08156 16.3866 8.86156C16.7266 10.8916 16.1066 12.8016 14.9066 14.2016L15.1866 14.4716ZM5.47658 9.97156C5.47658 12.4616 7.48658 14.4716 9.97658 14.4716C12.4666 14.4716 14.4766 12.4616 14.4766 9.97156C14.4766 7.48156 12.4666 5.47156 9.97658 5.47156C7.48658 5.47156 5.47658 7.48156 5.47658 9.97156Z"
              fill="currentColor"
              fillRule="evenodd"
            />
          </svg>
        </span>
      </button>
      <button
        className="container comfortable isToggler isActive"
        onClick={[Function]}
        onMouseDown={[Function]}
      >
        <span
          className="iconContainer"
        >
          <svg
            height={24}
            style={
              Object {
                "color": "",
              }
            }
            viewBox="0 0 24 24"
            width={24}
          >
            <path
              clipRule="evenodd"
              d="M15.1866 14.4716H15.9766L20.2166 18.7316C20.6266 19.1416 20.6266 19.8116 20.2166 20.2216C19.8066 20.6316 19.1366 20.6316 18.7266 20.2216L14.4766 15.9716V15.1816L14.2066 14.9016C12.8066 16.1016 10.8966 16.7216 8.86658 16.3816C6.08658 15.9116 3.86658 13.5916 3.52658 10.7916C3.00658 6.56156 6.56658 3.00156 10.7966 3.52156C13.5966 3.86156 15.9166 6.08156 16.3866 8.86156C16.7266 10.8916 16.1066 12.8016 14.9066 14.2016L15.1866 14.4716ZM5.47658 9.97156C5.47658 12.4616 7.48658 14.4716 9.97658 14.4716C12.4666 14.4716 14.4766 12.4616 14.4766 9.97156C14.4766 7.48156 12.4666 5.47156 9.97658 5.47156C7.48658 5.47156 5.47658 7.48156 5.47658 9.97156Z"
              fill="currentColor"
              fillRule="evenodd"
            />
          </svg>
        </span>
      </button>
    </div>
  </div>
  <div
    className="overlay"
  />
  <div
    className="snacks"
  />
  <div
    className="dialog"
  />
</div>
`;
