// Jest Snapshot v1, https://goo.gl/fbAQLP

exports[`General|Tabs Default 1`] = `
<div
  className="container comfortable"
>
  <div
    className="container comfortable"
  >
    <div>
      <div
        className=""
      >
        <div />
        <div />
        <a
          className=""
          onClick={[Function]}
          onMouseDown={[Function]}
          onMouseLeave={[Function]}
          onMouseUp={[Function]}
          tabIndex={0}
        >
          <div
            className=""
          >
            Item 1
          </div>
        </a>
        <a
          className=""
          onClick={[Function]}
          onMouseDown={[Function]}
          onMouseLeave={[Function]}
          onMouseUp={[Function]}
          tabIndex={0}
        >
          <div
            className=""
          >
            Item 2
          </div>
        </a>
        <a
          className=""
          onClick={[Function]}
          onMouseDown={[Function]}
          onMouseLeave={[Function]}
          onMouseUp={[Function]}
          tabIndex={0}
        >
          <div
            className=""
          >
            Item 3
          </div>
        </a>
        <a
          className=""
          onClick={[Function]}
          onMouseDown={[Function]}
          onMouseLeave={[Function]}
          onMouseUp={[Function]}
          tabIndex={0}
        >
          <div
            className=""
          >
            Item 4
          </div>
        </a>
        <a
          className=""
          onClick={[Function]}
          onMouseDown={[Function]}
          onMouseLeave={[Function]}
          onMouseUp={[Function]}
          tabIndex={0}
        >
          <div
            className=""
          >
            Item 5 is very long
          </div>
        </a>
        <a
          className=""
          onClick={[Function]}
          onMouseDown={[Function]}
          onMouseLeave={[Function]}
          onMouseUp={[Function]}
          tabIndex={0}
        >
          <div
            className=""
          >
            Item 6
          </div>
        </a>
        <span
          className=""
        >
          <div
            className=""
          >
            Item 7
          </div>
        </span>
      </div>
      <div>
        <div
          className="content"
        >
          <button
            className="container contained primary comfortable"
            disabled={false}
            onClick={[Function]}
            onClickCapture={[Function]}
            onMouseDown={[Function]}
            onMouseUp={[Function]}
            type="button"
          >
            <span
              className="button"
            >
              Next Item
            </span>
          </button>
          <div
            className="item"
          >
            This is Item 1
          </div>
        </div>
      </div>
    </div>
  </div>
  <div
    className="overlay"
  />
  <div
    className="snacks"
  />
  <div
    className="dialog"
  />
</div>
`;
