// Jest Snapshot v1, https://goo.gl/fbAQLP

exports[`General|Searchable Dropdown Default 1`] = `
<div
  className="container comfortable"
>
  <div
    className="container comfortable"
  >
    <div
      style={
        Object {
          "margin": "8px",
        }
      }
    >
      <div>
        <div
          className="inputContainer"
        >
          <div
            className="inputContent error"
            onClick={[Function]}
          >
            <div
              className="inputTextContent error"
            >
              <label>
                Dropdown
              </label>
              <input
                disabled={false}
                onBlur={[Function]}
                onChange={[Function]}
                onFocus={[Function]}
                onKeyUp={[Function]}
                placeholder=""
                value=""
              />
            </div>
            <div
              className="icon"
              onClick={[Function]}
            >
              <svg
                height={24}
                style={
                  Object {
                    "color": "var(--color-red)",
                  }
                }
                viewBox="0 0 24 24"
                width={24}
              >
                <path
                  clipRule="evenodd"
                  d="M12 2C6.48 2 2 6.48 2 12C2 17.52 6.48 22 12 22C17.52 22 22 17.52 22 12C22 6.48 17.52 2 12 2ZM12 13C11.45 13 11 12.55 11 12V8C11 7.45 11.45 7 12 7C12.55 7 13 7.45 13 8V12C13 12.55 12.55 13 12 13ZM11 15V17H13V15H11Z"
                  fill="currentColor"
                  fillRule="evenodd"
                />
              </svg>
            </div>
          </div>
          <div
            className="helperText error"
          >
            required
          </div>
        </div>
      </div>
      <br />
      <div>
        <div
          className="inputContainer"
        >
          <div
            className="inputContent labelLess"
            onClick={[Function]}
          >
            <div
              className="inputTextContent"
            >
              <input
                disabled={false}
                onBlur={[Function]}
                onChange={[Function]}
                onFocus={[Function]}
                onKeyUp={[Function]}
                placeholder="Type to search..."
                value=""
              />
            </div>
            <div
              className="icon"
              onClick={[Function]}
            >
              <svg
                cursor="pointer"
                height={24}
                style={
                  Object {
                    "color": "",
                  }
                }
                viewBox="0 0 24 24"
                width={24}
              >
                <path
                  d="M8.70627 11.4137L11.2963 14.0037C11.6863 14.3937 12.3163 14.3937 12.7063 14.0037L15.2963 11.4137C15.9263 10.7837 15.4763 9.70374 14.5863 9.70374H9.40627C8.51627 9.70374 8.07627 10.7837 8.70627 11.4137Z"
                  fill="currentColor"
                />
              </svg>
            </div>
          </div>
        </div>
      </div>
      <br />
      <div>
        <div
          className="inputContainer"
        >
          <div
            className="inputContent"
            onClick={[Function]}
          >
            <div
              className="inputTextContent"
            >
              <label>
                Select food
              </label>
              <input
                disabled={false}
                onBlur={[Function]}
                onChange={[Function]}
                onFocus={[Function]}
                onKeyUp={[Function]}
                placeholder=""
                value=""
              />
            </div>
            <div
              className="icon"
              onClick={[Function]}
            >
              <svg
                cursor="pointer"
                height={24}
                style={
                  Object {
                    "color": "",
                  }
                }
                viewBox="0 0 24 24"
                width={24}
              >
                <path
                  d="M8.70627 11.4137L11.2963 14.0037C11.6863 14.3937 12.3163 14.3937 12.7063 14.0037L15.2963 11.4137C15.9263 10.7837 15.4763 9.70374 14.5863 9.70374H9.40627C8.51627 9.70374 8.07627 10.7837 8.70627 11.4137Z"
                  fill="currentColor"
                />
              </svg>
            </div>
          </div>
        </div>
      </div>
      <br />
      <div
        style={
          Object {
            "width": "300px",
          }
        }
      >
        <div>
          <div
            className="inputContainer"
          >
            <div
              className="inputContent"
              onClick={[Function]}
            >
              <div
                className="inputTextContent"
              >
                <label>
                  Narrow food
                </label>
                <input
                  disabled={false}
                  onBlur={[Function]}
                  onChange={[Function]}
                  onFocus={[Function]}
                  onKeyUp={[Function]}
                  placeholder=""
                  value=""
                />
              </div>
              <div
                className="icon"
                onClick={[Function]}
              >
                <svg
                  cursor="pointer"
                  height={24}
                  style={
                    Object {
                      "color": "",
                    }
                  }
                  viewBox="0 0 24 24"
                  width={24}
                >
                  <path
                    d="M8.70627 11.4137L11.2963 14.0037C11.6863 14.3937 12.3163 14.3937 12.7063 14.0037L15.2963 11.4137C15.9263 10.7837 15.4763 9.70374 14.5863 9.70374H9.40627C8.51627 9.70374 8.07627 10.7837 8.70627 11.4137Z"
                    fill="currentColor"
                  />
                </svg>
              </div>
            </div>
          </div>
        </div>
      </div>
    </div>
  </div>
  <div
    className="overlay"
  />
  <div
    className="snacks"
  />
  <div
    className="dialog"
  />
</div>
`;
