// Jest Snapshot v1, https://goo.gl/fbAQLP

exports[`General components/Popover Inline 1`] = `
<div>
  <div
    className="container left bottom"
  >
    <div
      className="arrow"
    >
      <svg
        fill="none"
        height="16"
        viewBox="0 0 18 16"
        width="18"
        xmlns="http://www.w3.org/2000/svg"
      >
        <g
          filter="url(#filter0_dd)"
        >
          <path
            d="M9 4L4 8L14 8L9 4Z"
            fill="white"
          />
        </g>
        <defs>
          <filter
            colorInterpolationFilters="sRGB"
            filterUnits="userSpaceOnUse"
            height="16"
            id="filter0_dd"
            width="18"
            x="0"
            y="0"
          >
            <feFlood
              floodOpacity="0"
              result="BackgroundImageFix"
            />
            <feColorMatrix
              in="SourceAlpha"
              type="matrix"
              values="0 0 0 0 0 0 0 0 0 0 0 0 0 0 0 0 0 0 127 0"
            />
            <feOffset
              dy="-1.7"
            />
            <feGaussianBlur
              stdDeviation="1.7"
            />
            <feColorMatrix
              type="matrix"
              values="0 0 0 0 0 0 0 0 0 0 0 0 0 0 0 0 0 0 0.04 0"
            />
            <feBlend
              in2="effect1_dropShadow"
              mode="normal"
              result="effect2_dropShadow"
            />
            <feBlend
              in="SourceGraphic"
              in2="effect2_dropShadow"
              mode="normal"
              result="shape"
            />
          </filter>
        </defs>
      </svg>
    </div>
    <div
      className="content"
    >
      <div
        style={
          Object {
            "padding": 8,
          }
        }
      >
        Some content
      </div>
    </div>
  </div>
</div>
`;

exports[`General components/Popover Relative 1`] = `
<button
  className="container contained primary small medium"
  disabled={false}
  onClick={[Function]}
  onClickCapture={[Function]}
  onMouseDown={[Function]}
  onMouseUp={[Function]}
  type="button"
>
  <span
    className="button"
  >
    Click me
  </span>
</button>
`;
